0.01.435.673 W load: control-looking token: 128247 '</s>' was not control-type; this is probably a bug in the model. its type will be overridden
0.01.806.477 W llama_context: n_ctx_seq (4096) < n_ctx_train (40960) -- the full capacity of the model will not be utilized
0.02.152.742 W load: control-looking token: 128247 '</s>' was not control-type; this is probably a bug in the model. its type will be overridden
vision_model_loader: model name:   
vision_model_loader: description:  image encoder for MiniCPM-V
vision_model_loader: GGUF version: 3
vision_model_loader: alignment:    32
vision_model_loader: n_tensors:    455
vision_model_loader: n_kv:         20

vision_ctx: vision using CANN0 backend
load_hparams: model_type:         0
load_hparams: n_embd:             1152
load_hparams: n_head:             16
load_hparams: n_ff:               4304
load_hparams: n_layer:            27
load_hparams: ffn_op:             gelu
load_hparams: projection_dim:     0

--- vision hparams ---
load_hparams: image_size:         448
load_hparams: patch_size:         14
load_hparams: minicpmv_version:   100045
load_hparams: proj_scale_factor:  0
load_hparams: n_wa_pattern:       0
load_hparams: insert_layer_id:     0

load_hparams: model size:         1044.36 MiB
load_hparams: metadata size:      0.16 MiB
load_tensors: ffn up/down are swapped
alloc_compute_meta:      CANN0 compute buffer size =   100.30 MiB
alloc_compute_meta:        CPU compute buffer size =    18.30 MiB
vision_set_batch_encode: vision batch encode disabled
init tts....init t2w....voc_hg2_model: CPU backend using 8 threads
audition_audio_preprocess: Decoded audio - sample_rate=16000, n_samples=16000
audition_get_mel_filters: Retrieved mel filters from model: 80 mel bins x 201 fft bins
audition_audio_preprocess: Using mel filters - n_mel=80, n_fft=201
audition_audio_preprocess: Generated 1 mel spectrogram chunk(s)
audition_audio_preprocess: Mel spectrogram ready - n_len=100, n_mel=80, total_size=8000
build_whisper: Whisper encoder graph built (projector output, pre-pooling)
audition_audio_batch_encode: Audio input data - n_step=100, n_mel=80, total_elements=8000
audition_audio_batch_encode: Before incrementing iter: input_frames=100, n_tokens=50, current_iter=0, current_total=0, new_total=50, max_tokens=1500
audition_audio_batch_encode: KV cache iter incremented to 1 (total_tokens=50, max_tokens=1500)
audition_audio_batch_encode: Final output shape: [4096, 10]
audition_audio_batch_encode: Final output: 10 tokens x 4096 dims
<user>
<assistant>0.16.870.595 I TTS condition graph: initialized (vocab=152064, hidden=768)
Waiting for audio generation to complete...
Audio generation completed.
audition_whisper_free_kv_cache: KV cache freed
Token2Wav (C++): session released
